The ``example`` module
======================

Using ``function``
-------------------

>>> BaseGeometry = __import__('7-base_geometry').BaseGeometry

>>> testing = BaseGeometry()

>>> testing.integer_validator("my_int", 12)

>>> testing.integer_validator(True, 12)

>>> testing.integer_validator("my_int", True)
Traceback (most recent call last):
    ...
TypeError: my_int must be an integer

>>> testing.integer_validator()
Traceback (most recent call last):
    ...
TypeError: integer_validator() missing 2 required positional arguments: 'name' and 'value'

>>> testing.integer_validator("my_int", 12.5)
Traceback (most recent call last):
    ...
TypeError: my_int must be an integer

>>> testing.integer_validator("my_int", 12, 12)
Traceback (most recent call last):
    ...
TypeError: integer_validator() takes 3 positional arguments but 4 were given

>>> testing.integer_validator("my_int", -12)
Traceback (most recent call last):
    ...
ValueError: my_int must be greater than 0

>>> testing.integer_validator("my_int", 0)
Traceback (most recent call last):
    ...
ValueError: my_int must be greater than 0

>>> testing.integer_validator("my_int", a)
Traceback (most recent call last):
    ...
NameError: name 'a' is not defined

>>> testing.integer_validator(a, 12)
Traceback (most recent call last):
    ...
NameError: name 'a' is not defined

>>> testing.integer_validator("my_int", 'a')
Traceback (most recent call last):
    ...
TypeError: my_int must be an integer

>>> testing.integer_validator(0, 0)
Traceback (most recent call last):
    ...
ValueError: 0 must be greater than 0
